../Core/Src/main.c:82:6:HAL_TIM_PeriodElapsedCallback	16	static
../Core/Src/main.c:88:6:delayMicro	16	static
../Core/Src/main.c:94:6:reiniciaWatchDog	8	static
../Core/Src/main.c:103:5:main	8	static
../Core/Src/main.c:156:6:SystemClock_Config	112	static
../Core/Src/main.c:202:13:MX_CAN_Init	8	static
../Core/Src/main.c:239:13:MX_I2C1_Init	8	static
../Core/Src/main.c:287:13:MX_IWDG_Init	8	static
../Core/Src/main.c:316:13:MX_TIM2_Init	32	static
../Core/Src/main.c:361:13:MX_TIM3_Init	32	static
../Core/Src/main.c:406:13:MX_GPIO_Init	56	static
../Core/Src/main.c:480:6:Error_Handler	8	static,ignoring_inline_asm
