../Core/Src/main.c:86:6:HAL_TIM_PeriodElapsedCallback	16	static
../Core/Src/main.c:92:6:delayMicro	16	static
../Core/Src/main.c:98:6:reiniciaWatchDog	8	static
../Core/Src/main.c:107:5:main	8	static
../Core/Src/main.c:165:6:SystemClock_Config	112	static
../Core/Src/main.c:211:13:MX_CAN_Init	8	static
../Core/Src/main.c:248:13:MX_I2C1_Init	8	static
../Core/Src/main.c:296:13:MX_IWDG_Init	8	static
../Core/Src/main.c:325:13:MX_TIM2_Init	32	static
../Core/Src/main.c:370:13:MX_TIM3_Init	32	static
../Core/Src/main.c:415:13:MX_GPIO_Init	56	static
../Core/Src/main.c:489:6:Error_Handler	8	static,ignoring_inline_asm
