../Core/Src/main.c:99:6:HAL_CAN_RxFifo0MsgPendingCallback	2
../Core/Src/main.c:106:6:HAL_TIM_PeriodElapsedCallback	2
../Core/Src/main.c:112:6:delayMicro	2
../Core/Src/main.c:118:6:reiniciaWatchDog	1
../Core/Src/main.c:127:5:main	1
../Core/Src/main.c:190:6:SystemClock_Config	4
../Core/Src/main.c:236:13:MX_CAN_Init	4
../Core/Src/main.c:301:13:MX_I2C1_Init	4
../Core/Src/main.c:349:13:MX_IWDG_Init	2
../Core/Src/main.c:378:13:MX_TIM2_Init	4
../Core/Src/main.c:423:13:MX_TIM3_Init	4
../Core/Src/main.c:468:13:MX_GPIO_Init	1
../Core/Src/main.c:542:6:Error_Handler	1
