../Core/Src/main.c:86:6:HAL_TIM_PeriodElapsedCallback	2
../Core/Src/main.c:92:6:delayMicro	2
../Core/Src/main.c:98:6:reiniciaWatchDog	1
../Core/Src/main.c:107:5:main	1
../Core/Src/main.c:165:6:SystemClock_Config	4
../Core/Src/main.c:211:13:MX_CAN_Init	2
../Core/Src/main.c:248:13:MX_I2C1_Init	4
../Core/Src/main.c:296:13:MX_IWDG_Init	2
../Core/Src/main.c:325:13:MX_TIM2_Init	4
../Core/Src/main.c:370:13:MX_TIM3_Init	4
../Core/Src/main.c:415:13:MX_GPIO_Init	1
../Core/Src/main.c:489:6:Error_Handler	1
